// Jest Snapshot v1, https://goo.gl/fbAQLP

exports[`LandingPage should match the snapshot 1`] = `
ShallowWrapper {
  Symbol(enzyme.__root__): [Circular],
  Symbol(enzyme.__unrendered__): <LandingPage />,
  Symbol(enzyme.__renderer__): Object {
    "batchedUpdates": [Function],
    "getNode": [Function],
    "render": [Function],
    "simulateError": [Function],
    "simulateEvent": [Function],
    "unmount": [Function],
  },
  Symbol(enzyme.__node__): Object {
    "instance": null,
    "key": undefined,
    "nodeType": "host",
    "props": Object {
      "children": Array [
        <article
          className="title-container"
        >
          <h1>
            Congressional Records
          </h1>
        </article>,
        <div
          className="logo-container"
        >
          <img
            alt="capitol building"
            className="logo"
            src="./icons/congress.svg"
          />
        </div>,
        <article
          className="text-container"
        >
          <h3>
            Harness Information That WIll Keep You Informed and Inspire You To Get Involved
          </h3>
          <p>
            Lorem Ipsum is simply dummy text of the printing and typesetting industry. Lorem Ipsum has been the industry's standard dummy text ever since the 1500s.
          </p>
        </article>,
      ],
    },
    "ref": null,
    "rendered": Array [
      Object {
        "instance": null,
        "key": undefined,
        "nodeType": "host",
        "props": Object {
          "children": <h1>
            Congressional Records
          </h1>,
          "className": "title-container",
        },
        "ref": null,
        "rendered": Object {
          "instance": null,
          "key": undefined,
          "nodeType": "host",
          "props": Object {
            "children": "Congressional Records",
          },
          "ref": null,
          "rendered": "Congressional Records",
          "type": "h1",
        },
        "type": "article",
      },
      Object {
        "instance": null,
        "key": undefined,
        "nodeType": "host",
        "props": Object {
          "children": <img
            alt="capitol building"
            className="logo"
            src="./icons/congress.svg"
          />,
          "className": "logo-container",
        },
        "ref": null,
        "rendered": Object {
          "instance": null,
          "key": undefined,
          "nodeType": "host",
          "props": Object {
            "alt": "capitol building",
            "className": "logo",
            "src": "./icons/congress.svg",
          },
          "ref": null,
          "rendered": null,
          "type": "img",
        },
        "type": "div",
      },
      Object {
        "instance": null,
        "key": undefined,
        "nodeType": "host",
        "props": Object {
          "children": Array [
            <h3>
              Harness Information That WIll Keep You Informed and Inspire You To Get Involved
            </h3>,
            <p>
              Lorem Ipsum is simply dummy text of the printing and typesetting industry. Lorem Ipsum has been the industry's standard dummy text ever since the 1500s.
            </p>,
          ],
          "className": "text-container",
        },
        "ref": null,
        "rendered": Array [
          Object {
            "instance": null,
            "key": undefined,
            "nodeType": "host",
            "props": Object {
              "children": "Harness Information That WIll Keep You Informed and Inspire You To Get Involved",
            },
            "ref": null,
            "rendered": "Harness Information That WIll Keep You Informed and Inspire You To Get Involved",
            "type": "h3",
          },
          Object {
            "instance": null,
            "key": undefined,
            "nodeType": "host",
            "props": Object {
              "children": "Lorem Ipsum is simply dummy text of the printing and typesetting industry. Lorem Ipsum has been the industry's standard dummy text ever since the 1500s.",
            },
            "ref": null,
            "rendered": "Lorem Ipsum is simply dummy text of the printing and typesetting industry. Lorem Ipsum has been the industry's standard dummy text ever since the 1500s.",
            "type": "p",
          },
        ],
        "type": "article",
      },
    ],
    "type": "main",
  },
  Symbol(enzyme.__nodes__): Array [
    Object {
      "instance": null,
      "key": undefined,
      "nodeType": "host",
      "props": Object {
        "children": Array [
          <article
            className="title-container"
          >
            <h1>
              Congressional Records
            </h1>
          </article>,
          <div
            className="logo-container"
          >
            <img
              alt="capitol building"
              className="logo"
              src="./icons/congress.svg"
            />
          </div>,
          <article
            className="text-container"
          >
            <h3>
              Harness Information That WIll Keep You Informed and Inspire You To Get Involved
            </h3>
            <p>
              Lorem Ipsum is simply dummy text of the printing and typesetting industry. Lorem Ipsum has been the industry's standard dummy text ever since the 1500s.
            </p>
          </article>,
        ],
      },
      "ref": null,
      "rendered": Array [
        Object {
          "instance": null,
          "key": undefined,
          "nodeType": "host",
          "props": Object {
            "children": <h1>
              Congressional Records
            </h1>,
            "className": "title-container",
          },
          "ref": null,
          "rendered": Object {
            "instance": null,
            "key": undefined,
            "nodeType": "host",
            "props": Object {
              "children": "Congressional Records",
            },
            "ref": null,
            "rendered": "Congressional Records",
            "type": "h1",
          },
          "type": "article",
        },
        Object {
          "instance": null,
          "key": undefined,
          "nodeType": "host",
          "props": Object {
            "children": <img
              alt="capitol building"
              className="logo"
              src="./icons/congress.svg"
            />,
            "className": "logo-container",
          },
          "ref": null,
          "rendered": Object {
            "instance": null,
            "key": undefined,
            "nodeType": "host",
            "props": Object {
              "alt": "capitol building",
              "className": "logo",
              "src": "./icons/congress.svg",
            },
            "ref": null,
            "rendered": null,
            "type": "img",
          },
          "type": "div",
        },
        Object {
          "instance": null,
          "key": undefined,
          "nodeType": "host",
          "props": Object {
            "children": Array [
              <h3>
                Harness Information That WIll Keep You Informed and Inspire You To Get Involved
              </h3>,
              <p>
                Lorem Ipsum is simply dummy text of the printing and typesetting industry. Lorem Ipsum has been the industry's standard dummy text ever since the 1500s.
              </p>,
            ],
            "className": "text-container",
          },
          "ref": null,
          "rendered": Array [
            Object {
              "instance": null,
              "key": undefined,
              "nodeType": "host",
              "props": Object {
                "children": "Harness Information That WIll Keep You Informed and Inspire You To Get Involved",
              },
              "ref": null,
              "rendered": "Harness Information That WIll Keep You Informed and Inspire You To Get Involved",
              "type": "h3",
            },
            Object {
              "instance": null,
              "key": undefined,
              "nodeType": "host",
              "props": Object {
                "children": "Lorem Ipsum is simply dummy text of the printing and typesetting industry. Lorem Ipsum has been the industry's standard dummy text ever since the 1500s.",
              },
              "ref": null,
              "rendered": "Lorem Ipsum is simply dummy text of the printing and typesetting industry. Lorem Ipsum has been the industry's standard dummy text ever since the 1500s.",
              "type": "p",
            },
          ],
          "type": "article",
        },
      ],
      "type": "main",
    },
  ],
  Symbol(enzyme.__options__): Object {
    "adapter": ReactSixteenAdapter {
      "options": Object {
        "enableComponentDidUpdateOnSetState": true,
        "lifecycles": Object {
          "componentDidUpdate": Object {
            "onSetState": true,
          },
          "getDerivedStateFromProps": true,
          "getSnapshotBeforeUpdate": true,
          "setState": Object {
            "skipsComponentDidUpdateOnNullish": true,
          },
        },
      },
    },
  },
}
`;
