// Jest Snapshot v1, https://goo.gl/fbAQLP

exports[`Bills should match the snapshot 1`] = `
ShallowWrapper {
  Symbol(enzyme.__root__): [Circular],
  Symbol(enzyme.__unrendered__): <Bills
    active={null}
    billId="hconres283-110"
    committee="House Foreign Affairs; Senate Foreign Relations"
    lastVote="2008-02-07"
    sponsor="Rep.Donald M. Payne, NJ"
    title="Calling for a peaceful resolution to the current electoral crisis in Kenya."
  />,
  Symbol(enzyme.__renderer__): Object {
    "batchedUpdates": [Function],
    "getNode": [Function],
    "render": [Function],
    "simulateError": [Function],
    "simulateEvent": [Function],
    "unmount": [Function],
  },
  Symbol(enzyme.__node__): Object {
    "instance": null,
    "key": undefined,
    "nodeType": "host",
    "props": Object {
      "children": Array [
        <p
          className="bill-id"
        >
          hconres283-110
        </p>,
        <p
          className="chamber"
        >
          Chamber - House
        </p>,
        <p
          className="sponsor"
        >
          Rep.Donald M. Payne, NJ
        </p>,
        <img
          alt="bookmark"
          src="./icons/bookmark.svg"
        />,
        <h4
          className="bill-title"
        >
          Calling for a peaceful resolution to the current electoral crisis in Kenya.
        </h4>,
        <p
          className="commitees"
        >
          House Foreign Affairs; Senate Foreign Relations
        </p>,
        <p
          className="status"
        >
           Active - 
          true
           
        </p>,
        <p
          className="vote-infromation"
        >
          2008-02-07
        </p>,
      ],
      "className": "bill-container",
    },
    "ref": null,
    "rendered": Array [
      Object {
        "instance": null,
        "key": undefined,
        "nodeType": "host",
        "props": Object {
          "children": "hconres283-110",
          "className": "bill-id",
        },
        "ref": null,
        "rendered": "hconres283-110",
        "type": "p",
      },
      Object {
        "instance": null,
        "key": undefined,
        "nodeType": "host",
        "props": Object {
          "children": "Chamber - House",
          "className": "chamber",
        },
        "ref": null,
        "rendered": "Chamber - House",
        "type": "p",
      },
      Object {
        "instance": null,
        "key": undefined,
        "nodeType": "host",
        "props": Object {
          "children": "Rep.Donald M. Payne, NJ",
          "className": "sponsor",
        },
        "ref": null,
        "rendered": "Rep.Donald M. Payne, NJ",
        "type": "p",
      },
      Object {
        "instance": null,
        "key": undefined,
        "nodeType": "host",
        "props": Object {
          "alt": "bookmark",
          "src": "./icons/bookmark.svg",
        },
        "ref": null,
        "rendered": null,
        "type": "img",
      },
      Object {
        "instance": null,
        "key": undefined,
        "nodeType": "host",
        "props": Object {
          "children": "Calling for a peaceful resolution to the current electoral crisis in Kenya.",
          "className": "bill-title",
        },
        "ref": null,
        "rendered": "Calling for a peaceful resolution to the current electoral crisis in Kenya.",
        "type": "h4",
      },
      Object {
        "instance": null,
        "key": undefined,
        "nodeType": "host",
        "props": Object {
          "children": "House Foreign Affairs; Senate Foreign Relations",
          "className": "commitees",
        },
        "ref": null,
        "rendered": "House Foreign Affairs; Senate Foreign Relations",
        "type": "p",
      },
      Object {
        "instance": null,
        "key": undefined,
        "nodeType": "host",
        "props": Object {
          "children": Array [
            " Active - ",
            true,
            " ",
          ],
          "className": "status",
        },
        "ref": null,
        "rendered": Array [
          " Active - ",
          true,
          " ",
        ],
        "type": "p",
      },
      Object {
        "instance": null,
        "key": undefined,
        "nodeType": "host",
        "props": Object {
          "children": "2008-02-07",
          "className": "vote-infromation",
        },
        "ref": null,
        "rendered": "2008-02-07",
        "type": "p",
      },
    ],
    "type": "article",
  },
  Symbol(enzyme.__nodes__): Array [
    Object {
      "instance": null,
      "key": undefined,
      "nodeType": "host",
      "props": Object {
        "children": Array [
          <p
            className="bill-id"
          >
            hconres283-110
          </p>,
          <p
            className="chamber"
          >
            Chamber - House
          </p>,
          <p
            className="sponsor"
          >
            Rep.Donald M. Payne, NJ
          </p>,
          <img
            alt="bookmark"
            src="./icons/bookmark.svg"
          />,
          <h4
            className="bill-title"
          >
            Calling for a peaceful resolution to the current electoral crisis in Kenya.
          </h4>,
          <p
            className="commitees"
          >
            House Foreign Affairs; Senate Foreign Relations
          </p>,
          <p
            className="status"
          >
             Active - 
            true
             
          </p>,
          <p
            className="vote-infromation"
          >
            2008-02-07
          </p>,
        ],
        "className": "bill-container",
      },
      "ref": null,
      "rendered": Array [
        Object {
          "instance": null,
          "key": undefined,
          "nodeType": "host",
          "props": Object {
            "children": "hconres283-110",
            "className": "bill-id",
          },
          "ref": null,
          "rendered": "hconres283-110",
          "type": "p",
        },
        Object {
          "instance": null,
          "key": undefined,
          "nodeType": "host",
          "props": Object {
            "children": "Chamber - House",
            "className": "chamber",
          },
          "ref": null,
          "rendered": "Chamber - House",
          "type": "p",
        },
        Object {
          "instance": null,
          "key": undefined,
          "nodeType": "host",
          "props": Object {
            "children": "Rep.Donald M. Payne, NJ",
            "className": "sponsor",
          },
          "ref": null,
          "rendered": "Rep.Donald M. Payne, NJ",
          "type": "p",
        },
        Object {
          "instance": null,
          "key": undefined,
          "nodeType": "host",
          "props": Object {
            "alt": "bookmark",
            "src": "./icons/bookmark.svg",
          },
          "ref": null,
          "rendered": null,
          "type": "img",
        },
        Object {
          "instance": null,
          "key": undefined,
          "nodeType": "host",
          "props": Object {
            "children": "Calling for a peaceful resolution to the current electoral crisis in Kenya.",
            "className": "bill-title",
          },
          "ref": null,
          "rendered": "Calling for a peaceful resolution to the current electoral crisis in Kenya.",
          "type": "h4",
        },
        Object {
          "instance": null,
          "key": undefined,
          "nodeType": "host",
          "props": Object {
            "children": "House Foreign Affairs; Senate Foreign Relations",
            "className": "commitees",
          },
          "ref": null,
          "rendered": "House Foreign Affairs; Senate Foreign Relations",
          "type": "p",
        },
        Object {
          "instance": null,
          "key": undefined,
          "nodeType": "host",
          "props": Object {
            "children": Array [
              " Active - ",
              true,
              " ",
            ],
            "className": "status",
          },
          "ref": null,
          "rendered": Array [
            " Active - ",
            true,
            " ",
          ],
          "type": "p",
        },
        Object {
          "instance": null,
          "key": undefined,
          "nodeType": "host",
          "props": Object {
            "children": "2008-02-07",
            "className": "vote-infromation",
          },
          "ref": null,
          "rendered": "2008-02-07",
          "type": "p",
        },
      ],
      "type": "article",
    },
  ],
  Symbol(enzyme.__options__): Object {
    "adapter": ReactSixteenAdapter {
      "options": Object {
        "enableComponentDidUpdateOnSetState": true,
        "lifecycles": Object {
          "componentDidUpdate": Object {
            "onSetState": true,
          },
          "getDerivedStateFromProps": true,
          "getSnapshotBeforeUpdate": true,
          "setState": Object {
            "skipsComponentDidUpdateOnNullish": true,
          },
        },
      },
    },
  },
}
`;
