// Jest Snapshot v1, https://goo.gl/fbAQLP

exports[`ExploreFilter should match the snapshot 1`] = `
ShallowWrapper {
  Symbol(enzyme.__root__): [Circular],
  Symbol(enzyme.__unrendered__): <ExploreFilter />,
  Symbol(enzyme.__renderer__): Object {
    "batchedUpdates": [Function],
    "getNode": [Function],
    "render": [Function],
    "simulateError": [Function],
    "simulateEvent": [Function],
    "unmount": [Function],
  },
  Symbol(enzyme.__node__): Object {
    "defaultRender": <div
      className="explore-menu"
    >
      <h3>
        Explore
      </h3>
      <img
        alt="Down or up arrows used to represent if the Explore menu has been selected."
        className="explore-arrow-icon"
        src="../src/icons/down-arrow.svg"
      />
    </div>,
  },
  Symbol(enzyme.__nodes__): Array [
    Object {
      "defaultRender": <div
        className="explore-menu"
      >
        <h3>
          Explore
        </h3>
        <img
          alt="Down or up arrows used to represent if the Explore menu has been selected."
          className="explore-arrow-icon"
          src="../src/icons/down-arrow.svg"
        />
      </div>,
    },
  ],
  Symbol(enzyme.__options__): Object {
    "adapter": ReactSixteenAdapter {
      "options": Object {
        "enableComponentDidUpdateOnSetState": true,
        "lifecycles": Object {
          "componentDidUpdate": Object {
            "onSetState": true,
          },
          "getDerivedStateFromProps": true,
          "getSnapshotBeforeUpdate": true,
          "setState": Object {
            "skipsComponentDidUpdateOnNullish": true,
          },
        },
      },
    },
  },
}
`;
